// Jest Snapshot v1, https://goo.gl/fbAQLP

exports[`reduce 0 array should throw correctly if no callback is given 1`] = `"undefined is not a function"`;

exports[`reduce 0 array should work as expected for empty arrays 1`] = `"Reduce of empty array with no initial value"`;

exports[`reduce 0 array-like objects should throw correctly if no callback is given 1`] = `"undefined is not a function"`;

exports[`reduce 0 array-like objects should work as expected for empty arrays 1`] = `"Reduce of empty array with no initial value"`;

exports[`reduce 0 should throw when array is null or undefined 1`] = `"Cannot call method on undefined"`;

exports[`reduce 0 should throw when array is null or undefined 2`] = `"Cannot call method on undefined"`;

exports[`reduce 0 should throw when array is null or undefined 3`] = `"Cannot call method on null"`;

exports[`reduce 1 array should throw correctly if no callback is given 1`] = `"undefined is not a function"`;

exports[`reduce 1 array should work as expected for empty arrays 1`] = `"Reduce of empty array with no initial value"`;

exports[`reduce 1 array-like objects should throw correctly if no callback is given 1`] = `"undefined is not a function"`;

exports[`reduce 1 array-like objects should work as expected for empty arrays 1`] = `"Reduce of empty array with no initial value"`;

exports[`reduce 1 should throw when array is null or undefined 1`] = `"Cannot call method on undefined"`;

exports[`reduce 1 should throw when array is null or undefined 2`] = `"Cannot call method on undefined"`;

exports[`reduce 1 should throw when array is null or undefined 3`] = `"Cannot call method on null"`;
